135. Printing statistics.

=== uart_top ===

        +----------Local Count, excluding submodules.
        |        +-Local Area, excluding submodules.
        |        | 
      279        - wires
      293        - wire bits
       66        - public wires
       80        - public wire bits
        9        - ports
       23        - port bits
      281 3.23E+03 cells
        3   30.029   sky130_fd_sc_hd__a211o_2
        1   12.512   sky130_fd_sc_hd__a211oi_2
        1   11.261   sky130_fd_sc_hd__a21boi_2
        7   61.309   sky130_fd_sc_hd__a21o_2
        7   61.309   sky130_fd_sc_hd__a21oi_2
        1   11.261   sky130_fd_sc_hd__a221o_2
        2   20.019   sky130_fd_sc_hd__a22o_2
        1   11.261   sky130_fd_sc_hd__a311o_2
        9   78.826   sky130_fd_sc_hd__a31o_2
        1   11.261   sky130_fd_sc_hd__a32o_2
        5   37.536   sky130_fd_sc_hd__and2_2
        1    8.758   sky130_fd_sc_hd__and2b_2
       14  105.101   sky130_fd_sc_hd__and3_2
        7   70.067   sky130_fd_sc_hd__and3b_2
        9   90.086   sky130_fd_sc_hd__and4_2
        1   12.512   sky130_fd_sc_hd__and4bb_2
       66  1.4E+03   sky130_fd_sc_hd__dfxtp_2
       13   48.797   sky130_fd_sc_hd__inv_2
        1   11.261   sky130_fd_sc_hd__mux2_1
        2   45.043   sky130_fd_sc_hd__mux4_2
       11   68.816   sky130_fd_sc_hd__nand2_2
        3   26.275   sky130_fd_sc_hd__nand2b_2
        3   30.029   sky130_fd_sc_hd__nand3_2
       12   75.072   sky130_fd_sc_hd__nor2_2
        3   30.029   sky130_fd_sc_hd__nor3_2
        1   12.512   sky130_fd_sc_hd__nor4_2
        1   12.512   sky130_fd_sc_hd__o2111a_2
       14  140.134   sky130_fd_sc_hd__o211a_2
        2   17.517   sky130_fd_sc_hd__o21a_2
        5   43.792   sky130_fd_sc_hd__o21ai_2
        4   40.038   sky130_fd_sc_hd__o21ba_2
        7   78.826   sky130_fd_sc_hd__o21bai_2
       16  180.173   sky130_fd_sc_hd__o311a_2
        1   12.512   sky130_fd_sc_hd__o31ai_2
       33  206.448   sky130_fd_sc_hd__or2_2
        4   30.029   sky130_fd_sc_hd__or3_2
        1    8.758   sky130_fd_sc_hd__or3b_2
        6    52.55   sky130_fd_sc_hd__or4_2
        2   20.019   sky130_fd_sc_hd__or4b_2

   Chip area for module '\uart_top': 3228.096000
     of which used for sequential elements: 1403.846400 (43.49%)

